../Drivers/CMSIS/Include/core_cm4.h:1688:22:__NVIC_EnableIRQ	16	static
../Core/Src/main.c:21:5:main	8	static
../Core/Src/main.c:35:6:button_init	24	static
../Core/Src/main.c:72:6:UART2_init	24	static
../Core/Src/main.c:120:6:sendData	40	static
../Core/Src/main.c:135:6:DMA1_init	32	static
../Core/Src/main.c:197:6:enable_dma_stream	16	static
../Core/Src/main.c:206:6:dma1_it_configuration	16	static
../Core/Src/main.c:229:6:HT_Complete_callback	4	static
../Core/Src/main.c:234:6:FT_Complete_callback	24	static
../Core/Src/main.c:251:6:TE_error_callback	4	static
../Core/Src/main.c:256:6:FE_error_callback	4	static
../Core/Src/main.c:262:6:DME_error_callback	4	static
